<html>
<body>
<pre>
<h1>礦ision Build Log</h1>
<h2>Tool Versions:</h2>
IDE-Version: μVision V5.18.0.0
Copyright (C) 2016 ARM Ltd and ARM Germany GmbH. All rights reserved.
License Information: yefeng Microsoft, Microsoft, LIC=76FSB-2QVX5-EHQ8P-MINV1-4KUDI-NHB52
 
Tool Versions:
Toolchain:       MDK-ARM Standard  Version: 5.18
Toolchain Path:  D:\keil5\ARM\ARMCC\Bin
C Compiler:      Armcc.exe V5.06 update 1 (build 61)
Assembler:       Armasm.exe V5.06 update 1 (build 61)
Linker/Locator:  ArmLink.exe V5.06 update 1 (build 61)
Library Manager: ArmAr.exe V5.06 update 1 (build 61)
Hex Converter:   FromElf.exe V5.06 update 1 (build 61)
CPU DLL:         SARMCM3.DLL V5.18
Dialog DLL:      DCM.DLL V1.13.6.0
Target DLL:      UL2CM3.DLL V1.157.5.0
Dialog DLL:      TCM.DLL V1.14.8.0
 
<h2>Project:</h2>
C:\Users\Administrator\Desktop\stm32学习日记\day1\test_day1.uvprojx
Project File Date:  07/28/2018

<h2>Output:</h2>
*** Using Compiler 'V5.06 update 1 (build 61)', folder: 'D:\keil5\ARM\ARMCC\Bin'
Rebuild target 'Target 1'
assembling startup_stm32f10x_hd.s...
compiling main.c...
linking...
Program Size: Code=592 RO-data=320 RW-data=0 ZI-data=1632  
FromELF: creating hex file...
".\Objects\test_day1.axf" - 0 Error(s), 0 Warning(s).

<h2>Collection of Component include folders:</h2>
  C:\Users\Administrator\Desktop\stm32学习日记\day1\RTE
  D:\keil5\ARM\PACK\Keil\STM32F1xx_DFP\1.0.5\Device\Include

<h2>Collection of Component Files used:</h2>
Build Time Elapsed:  00:00:07
</pre>
</body>
</html>
